// Jest Snapshot v1, https://goo.gl/fbAQLP

exports[`InputDropdown component unit test will render properly 1`] = `
ShallowWrapper {
  Symbol(enzyme.__root__): [Circular],
  Symbol(enzyme.__unrendered__): <InputDropdown
    handleDropdown={[MockFunction]}
    name="year"
    options={
      Array [
        Object {
          "label": "2019",
          "value": "2019",
        },
        Object {
          "label": "2018",
          "value": "2018",
        },
      ]
    }
    value={
      Object {
        "label": "2019",
        "value": "2019",
      }
    }
  />,
  Symbol(enzyme.__renderer__): Object {
    "batchedUpdates": [Function],
    "checkPropTypes": [Function],
    "getNode": [Function],
    "render": [Function],
    "simulateError": [Function],
    "simulateEvent": [Function],
    "unmount": [Function],
  },
  Symbol(enzyme.__node__): Object {
    "instance": null,
    "key": undefined,
    "nodeType": "host",
    "props": Object {
      "children": Array [
        <div
          className="input-dropdown__header"
          onClick={[Function]}
        >
          <span>
            2019
          </span>
          <IosArrowDown
            beat={false}
            color="#ff0000"
            fontSize="18px"
            rotate={false}
            shake={false}
            style={Object {}}
          />
        </div>,
        false,
      ],
      "className": "input-dropdown",
    },
    "ref": null,
    "rendered": Array [
      Object {
        "instance": null,
        "key": undefined,
        "nodeType": "host",
        "props": Object {
          "children": Array [
            <span>
              2019
            </span>,
            <IosArrowDown
              beat={false}
              color="#ff0000"
              fontSize="18px"
              rotate={false}
              shake={false}
              style={Object {}}
            />,
          ],
          "className": "input-dropdown__header",
          "onClick": [Function],
        },
        "ref": null,
        "rendered": Array [
          Object {
            "instance": null,
            "key": undefined,
            "nodeType": "host",
            "props": Object {
              "children": "2019",
            },
            "ref": null,
            "rendered": "2019",
            "type": "span",
          },
          Object {
            "instance": null,
            "key": undefined,
            "nodeType": "class",
            "props": Object {
              "beat": false,
              "color": "#ff0000",
              "fontSize": "18px",
              "rotate": false,
              "shake": false,
              "style": Object {},
            },
            "ref": null,
            "rendered": null,
            "type": [Function],
          },
        ],
        "type": "div",
      },
      false,
    ],
    "type": "div",
  },
  Symbol(enzyme.__nodes__): Array [
    Object {
      "instance": null,
      "key": undefined,
      "nodeType": "host",
      "props": Object {
        "children": Array [
          <div
            className="input-dropdown__header"
            onClick={[Function]}
          >
            <span>
              2019
            </span>
            <IosArrowDown
              beat={false}
              color="#ff0000"
              fontSize="18px"
              rotate={false}
              shake={false}
              style={Object {}}
            />
          </div>,
          false,
        ],
        "className": "input-dropdown",
      },
      "ref": null,
      "rendered": Array [
        Object {
          "instance": null,
          "key": undefined,
          "nodeType": "host",
          "props": Object {
            "children": Array [
              <span>
                2019
              </span>,
              <IosArrowDown
                beat={false}
                color="#ff0000"
                fontSize="18px"
                rotate={false}
                shake={false}
                style={Object {}}
              />,
            ],
            "className": "input-dropdown__header",
            "onClick": [Function],
          },
          "ref": null,
          "rendered": Array [
            Object {
              "instance": null,
              "key": undefined,
              "nodeType": "host",
              "props": Object {
                "children": "2019",
              },
              "ref": null,
              "rendered": "2019",
              "type": "span",
            },
            Object {
              "instance": null,
              "key": undefined,
              "nodeType": "class",
              "props": Object {
                "beat": false,
                "color": "#ff0000",
                "fontSize": "18px",
                "rotate": false,
                "shake": false,
                "style": Object {},
              },
              "ref": null,
              "rendered": null,
              "type": [Function],
            },
          ],
          "type": "div",
        },
        false,
      ],
      "type": "div",
    },
  ],
  Symbol(enzyme.__options__): Object {
    "adapter": ReactSixteenAdapter {
      "options": Object {
        "enableComponentDidUpdateOnSetState": true,
        "legacyContextMode": "parent",
        "lifecycles": Object {
          "componentDidUpdate": Object {
            "onSetState": true,
          },
          "getChildContext": Object {
            "calledByRenderer": false,
          },
          "getDerivedStateFromProps": true,
          "getSnapshotBeforeUpdate": true,
          "setState": Object {
            "skipsComponentDidUpdateOnNullish": true,
          },
        },
      },
    },
  },
}
`;
